============================= test session starts =============================
platform win32 -- Python 3.13.2, pytest-9.0.3, pluggy-1.6.0 -- C:\Program Files\Python313\python.exe
cachedir: .pytest_cache
rootdir: D:\TechNova-GuideWire-DevTrails-2026
configfile: pytest.ini
plugins: anyio-4.10.0, Faker-38.2.0, langsmith-0.6.8, asyncio-1.3.0
asyncio: mode=Mode.AUTO, debug=False, asyncio_default_fixture_loop_scope=session, asyncio_default_test_loop_scope=function
collecting ... collected 32 items

tests/test_simulator.py::TestSimulatorEvent::test_create_event ERROR     [  3%]
tests/test_simulator.py::TestSimulatorEvent::test_to_dict ERROR          [  6%]
tests/test_simulator.py::TestSimulatorEvent::test_event_ids_unique ERROR [  9%]
tests/test_simulator.py::TestEventBroadcaster::test_subscribe_and_broadcast ERROR [ 12%]
tests/test_simulator.py::TestEventBroadcaster::test_channel_routing_worker ERROR [ 15%]
tests/test_simulator.py::TestEventBroadcaster::test_channel_routing_zone ERROR [ 18%]
tests/test_simulator.py::TestEventBroadcaster::test_admin_gets_all ERROR [ 21%]
tests/test_simulator.py::TestEventBroadcaster::test_replay_buffer ERROR  [ 25%]
tests/test_simulator.py::TestEventBroadcaster::test_replay_buffer_bounded ERROR [ 28%]
tests/test_simulator.py::TestEventBroadcaster::test_unsubscribe ERROR    [ 31%]
tests/test_simulator.py::TestEventBroadcaster::test_event_count ERROR    [ 34%]
tests/test_simulator.py::TestEventBroadcaster::test_multiple_subscribers_same_channel ERROR [ 37%]
tests/test_simulator.py::TestScenarioTemplates::test_all_scenarios_exist ERROR [ 40%]
tests/test_simulator.py::TestScenarioTemplates::test_all_scenarios_have_steps ERROR [ 43%]
tests/test_simulator.py::TestScenarioTemplates::test_pick_scenario_returns_template ERROR [ 46%]
tests/test_simulator.py::TestScenarioTemplates::test_step_data_generation ERROR [ 50%]
tests/test_simulator.py::TestScenarioTemplates::test_zone_pool_not_empty ERROR [ 53%]
tests/test_simulator.py::TestScenarioTemplates::test_worker_pool_not_empty ERROR [ 56%]
tests/test_simulator.py::TestMockDataSimulator::test_simulator_creation ERROR [ 59%]
tests/test_simulator.py::TestMockDataSimulator::test_emit_single ERROR   [ 62%]
tests/test_simulator.py::TestMockDataSimulator::test_start_stop ERROR    [ 65%]
tests/test_websocket.py::TestWebSocketEndpoints::test_broadcaster_integration_with_ws ERROR [ 68%]
tests/test_websocket.py::TestWebSocketEndpoints::test_replay_on_subscribe ERROR [ 71%]
tests/test_websocket.py::TestWebSocketEndpoints::test_multiple_clients_same_channel ERROR [ 75%]
tests/test_websocket.py::TestWebSocketEndpoints::test_client_disconnect_cleanup ERROR [ 78%]
tests/test_websocket.py::TestWebSocketEndpoints::test_concurrent_broadcasts ERROR [ 81%]
tests/test_websocket.py::TestSSELogic::test_event_json_serializable ERROR [ 84%]
tests/test_websocket.py::TestSSELogic::test_all_event_types_serializable ERROR [ 87%]
tests/test_websocket.py::TestChannelRouting::test_worker_receives_own_events ERROR [ 90%]
tests/test_websocket.py::TestChannelRouting::test_worker_does_not_receive_others ERROR [ 93%]
tests/test_websocket.py::TestChannelRouting::test_zone_subscription ERROR [ 96%]
tests/test_websocket.py::TestChannelRouting::test_admin_receives_everything ERROR [100%]

=================================== ERRORS ====================================
___________ ERROR at setup of TestSimulatorEvent.test_create_event ____________
C:\Users\HP\AppData\Roaming\Python\Python313\site-packages\pytest_asyncio\plugin.py:730: in pytest_fixture_setup
    return (yield)
            ^^^^^
tests\conftest.py:97: in mock_cerebras
    with patch("backend.agents.base.invoke_with_structure", side_effect=mock_invoke):
         ^^^^^^^^^^^^^^^^^^^^^^^^^^^^^^^^^^^^^^^^^^^^^^^^^^^^^^^^^^^^^^^^^^^^^^^^^^^
C:\Program Files\Python313\Lib\unittest\mock.py:1479: in __enter__
    self.target = self.getter()
                  ^^^^^^^^^^^^^
C:\Program Files\Python313\Lib\pkgutil.py:528: in resolve_name
    result = getattr(result, p)
             ^^^^^^^^^^^^^^^^^^
E   AttributeError: module 'backend' has no attribute 'agents'
______________ ERROR at setup of TestSimulatorEvent.test_to_dict ______________
C:\Users\HP\AppData\Roaming\Python\Python313\site-packages\pytest_asyncio\plugin.py:730: in pytest_fixture_setup
    return (yield)
            ^^^^^
tests\conftest.py:97: in mock_cerebras
    with patch("backend.agents.base.invoke_with_structure", side_effect=mock_invoke):
         ^^^^^^^^^^^^^^^^^^^^^^^^^^^^^^^^^^^^^^^^^^^^^^^^^^^^^^^^^^^^^^^^^^^^^^^^^^^
C:\Program Files\Python313\Lib\unittest\mock.py:1479: in __enter__
    self.target = self.getter()
                  ^^^^^^^^^^^^^
C:\Program Files\Python313\Lib\pkgutil.py:528: in resolve_name
    result = getattr(result, p)
             ^^^^^^^^^^^^^^^^^^
E   AttributeError: module 'backend' has no attribute 'agents'
_________ ERROR at setup of TestSimulatorEvent.test_event_ids_unique __________
C:\Users\HP\AppData\Roaming\Python\Python313\site-packages\pytest_asyncio\plugin.py:730: in pytest_fixture_setup
    return (yield)
            ^^^^^
tests\conftest.py:97: in mock_cerebras
    with patch("backend.agents.base.invoke_with_structure", side_effect=mock_invoke):
         ^^^^^^^^^^^^^^^^^^^^^^^^^^^^^^^^^^^^^^^^^^^^^^^^^^^^^^^^^^^^^^^^^^^^^^^^^^^
C:\Program Files\Python313\Lib\unittest\mock.py:1479: in __enter__
    self.target = self.getter()
                  ^^^^^^^^^^^^^
C:\Program Files\Python313\Lib\pkgutil.py:528: in resolve_name
    result = getattr(result, p)
             ^^^^^^^^^^^^^^^^^^
E   AttributeError: module 'backend' has no attribute 'agents'
_____ ERROR at setup of TestEventBroadcaster.test_subscribe_and_broadcast _____
C:\Users\HP\AppData\Roaming\Python\Python313\site-packages\pytest_asyncio\plugin.py:458: in setup
    return super().setup()
           ^^^^^^^^^^^^^^^
C:\Users\HP\AppData\Roaming\Python\Python313\site-packages\pytest_asyncio\plugin.py:730: in pytest_fixture_setup
    return (yield)
            ^^^^^
tests\conftest.py:97: in mock_cerebras
    with patch("backend.agents.base.invoke_with_structure", side_effect=mock_invoke):
         ^^^^^^^^^^^^^^^^^^^^^^^^^^^^^^^^^^^^^^^^^^^^^^^^^^^^^^^^^^^^^^^^^^^^^^^^^^^
C:\Program Files\Python313\Lib\unittest\mock.py:1479: in __enter__
    self.target = self.getter()
                  ^^^^^^^^^^^^^
C:\Program Files\Python313\Lib\pkgutil.py:528: in resolve_name
    result = getattr(result, p)
             ^^^^^^^^^^^^^^^^^^
E   AttributeError: module 'backend' has no attribute 'agents'
_____ ERROR at setup of TestEventBroadcaster.test_channel_routing_worker ______
C:\Users\HP\AppData\Roaming\Python\Python313\site-packages\pytest_asyncio\plugin.py:458: in setup
    return super().setup()
           ^^^^^^^^^^^^^^^
C:\Users\HP\AppData\Roaming\Python\Python313\site-packages\pytest_asyncio\plugin.py:730: in pytest_fixture_setup
    return (yield)
            ^^^^^
tests\conftest.py:97: in mock_cerebras
    with patch("backend.agents.base.invoke_with_structure", side_effect=mock_invoke):
         ^^^^^^^^^^^^^^^^^^^^^^^^^^^^^^^^^^^^^^^^^^^^^^^^^^^^^^^^^^^^^^^^^^^^^^^^^^^
C:\Program Files\Python313\Lib\unittest\mock.py:1479: in __enter__
    self.target = self.getter()
                  ^^^^^^^^^^^^^
C:\Program Files\Python313\Lib\pkgutil.py:528: in resolve_name
    result = getattr(result, p)
             ^^^^^^^^^^^^^^^^^^
E   AttributeError: module 'backend' has no attribute 'agents'
______ ERROR at setup of TestEventBroadcaster.test_channel_routing_zone _______
C:\Users\HP\AppData\Roaming\Python\Python313\site-packages\pytest_asyncio\plugin.py:458: in setup
    return super().setup()
           ^^^^^^^^^^^^^^^
C:\Users\HP\AppData\Roaming\Python\Python313\site-packages\pytest_asyncio\plugin.py:730: in pytest_fixture_setup
    return (yield)
            ^^^^^
tests\conftest.py:97: in mock_cerebras
    with patch("backend.agents.base.invoke_with_structure", side_effect=mock_invoke):
         ^^^^^^^^^^^^^^^^^^^^^^^^^^^^^^^^^^^^^^^^^^^^^^^^^^^^^^^^^^^^^^^^^^^^^^^^^^^
C:\Program Files\Python313\Lib\unittest\mock.py:1479: in __enter__
    self.target = self.getter()
                  ^^^^^^^^^^^^^
C:\Program Files\Python313\Lib\pkgutil.py:528: in resolve_name
    result = getattr(result, p)
             ^^^^^^^^^^^^^^^^^^
E   AttributeError: module 'backend' has no attribute 'agents'
_________ ERROR at setup of TestEventBroadcaster.test_admin_gets_all __________
C:\Users\HP\AppData\Roaming\Python\Python313\site-packages\pytest_asyncio\plugin.py:458: in setup
    return super().setup()
           ^^^^^^^^^^^^^^^
C:\Users\HP\AppData\Roaming\Python\Python313\site-packages\pytest_asyncio\plugin.py:730: in pytest_fixture_setup
    return (yield)
            ^^^^^
tests\conftest.py:97: in mock_cerebras
    with patch("backend.agents.base.invoke_with_structure", side_effect=mock_invoke):
         ^^^^^^^^^^^^^^^^^^^^^^^^^^^^^^^^^^^^^^^^^^^^^^^^^^^^^^^^^^^^^^^^^^^^^^^^^^^
C:\Program Files\Python313\Lib\unittest\mock.py:1479: in __enter__
    self.target = self.getter()
                  ^^^^^^^^^^^^^
C:\Program Files\Python313\Lib\pkgutil.py:528: in resolve_name
    result = getattr(result, p)
             ^^^^^^^^^^^^^^^^^^
E   AttributeError: module 'backend' has no attribute 'agents'
__________ ERROR at setup of TestEventBroadcaster.test_replay_buffer __________
C:\Users\HP\AppData\Roaming\Python\Python313\site-packages\pytest_asyncio\plugin.py:458: in setup
    return super().setup()
           ^^^^^^^^^^^^^^^
C:\Users\HP\AppData\Roaming\Python\Python313\site-packages\pytest_asyncio\plugin.py:730: in pytest_fixture_setup
    return (yield)
            ^^^^^
tests\conftest.py:97: in mock_cerebras
    with patch("backend.agents.base.invoke_with_structure", side_effect=mock_invoke):
         ^^^^^^^^^^^^^^^^^^^^^^^^^^^^^^^^^^^^^^^^^^^^^^^^^^^^^^^^^^^^^^^^^^^^^^^^^^^
C:\Program Files\Python313\Lib\unittest\mock.py:1479: in __enter__
    self.target = self.getter()
                  ^^^^^^^^^^^^^
C:\Program Files\Python313\Lib\pkgutil.py:528: in resolve_name
    result = getattr(result, p)
             ^^^^^^^^^^^^^^^^^^
E   AttributeError: module 'backend' has no attribute 'agents'
______ ERROR at setup of TestEventBroadcaster.test_replay_buffer_bounded ______
C:\Users\HP\AppData\Roaming\Python\Python313\site-packages\pytest_asyncio\plugin.py:458: in setup
    return super().setup()
           ^^^^^^^^^^^^^^^
C:\Users\HP\AppData\Roaming\Python\Python313\site-packages\pytest_asyncio\plugin.py:730: in pytest_fixture_setup
    return (yield)
            ^^^^^
tests\conftest.py:97: in mock_cerebras
    with patch("backend.agents.base.invoke_with_structure", side_effect=mock_invoke):
         ^^^^^^^^^^^^^^^^^^^^^^^^^^^^^^^^^^^^^^^^^^^^^^^^^^^^^^^^^^^^^^^^^^^^^^^^^^^
C:\Program Files\Python313\Lib\unittest\mock.py:1479: in __enter__
    self.target = self.getter()
                  ^^^^^^^^^^^^^
C:\Program Files\Python313\Lib\pkgutil.py:528: in resolve_name
    result = getattr(result, p)
             ^^^^^^^^^^^^^^^^^^
E   AttributeError: module 'backend' has no attribute 'agents'
___________ ERROR at setup of TestEventBroadcaster.test_unsubscribe ___________
C:\Users\HP\AppData\Roaming\Python\Python313\site-packages\pytest_asyncio\plugin.py:458: in setup
    return super().setup()
           ^^^^^^^^^^^^^^^
C:\Users\HP\AppData\Roaming\Python\Python313\site-packages\pytest_asyncio\plugin.py:730: in pytest_fixture_setup
    return (yield)
            ^^^^^
tests\conftest.py:97: in mock_cerebras
    with patch("backend.agents.base.invoke_with_structure", side_effect=mock_invoke):
         ^^^^^^^^^^^^^^^^^^^^^^^^^^^^^^^^^^^^^^^^^^^^^^^^^^^^^^^^^^^^^^^^^^^^^^^^^^^
C:\Program Files\Python313\Lib\unittest\mock.py:1479: in __enter__
    self.target = self.getter()
                  ^^^^^^^^^^^^^
C:\Program Files\Python313\Lib\pkgutil.py:528: in resolve_name
    result = getattr(result, p)
             ^^^^^^^^^^^^^^^^^^
E   AttributeError: module 'backend' has no attribute 'agents'
___________ ERROR at setup of TestEventBroadcaster.test_event_count ___________
C:\Users\HP\AppData\Roaming\Python\Python313\site-packages\pytest_asyncio\plugin.py:458: in setup
    return super().setup()
           ^^^^^^^^^^^^^^^
C:\Users\HP\AppData\Roaming\Python\Python313\site-packages\pytest_asyncio\plugin.py:730: in pytest_fixture_setup
    return (yield)
            ^^^^^
tests\conftest.py:97: in mock_cerebras
    with patch("backend.agents.base.invoke_with_structure", side_effect=mock_invoke):
         ^^^^^^^^^^^^^^^^^^^^^^^^^^^^^^^^^^^^^^^^^^^^^^^^^^^^^^^^^^^^^^^^^^^^^^^^^^^
C:\Program Files\Python313\Lib\unittest\mock.py:1479: in __enter__
    self.target = self.getter()
                  ^^^^^^^^^^^^^
C:\Program Files\Python313\Lib\pkgutil.py:528: in resolve_name
    result = getattr(result, p)
             ^^^^^^^^^^^^^^^^^^
E   AttributeError: module 'backend' has no attribute 'agents'
_ ERROR at setup of TestEventBroadcaster.test_multiple_subscribers_same_channel _
C:\Users\HP\AppData\Roaming\Python\Python313\site-packages\pytest_asyncio\plugin.py:458: in setup
    return super().setup()
           ^^^^^^^^^^^^^^^
C:\Users\HP\AppData\Roaming\Python\Python313\site-packages\pytest_asyncio\plugin.py:730: in pytest_fixture_setup
    return (yield)
            ^^^^^
tests\conftest.py:97: in mock_cerebras
    with patch("backend.agents.base.invoke_with_structure", side_effect=mock_invoke):
         ^^^^^^^^^^^^^^^^^^^^^^^^^^^^^^^^^^^^^^^^^^^^^^^^^^^^^^^^^^^^^^^^^^^^^^^^^^^
C:\Program Files\Python313\Lib\unittest\mock.py:1479: in __enter__
    self.target = self.getter()
                  ^^^^^^^^^^^^^
C:\Program Files\Python313\Lib\pkgutil.py:528: in resolve_name
    result = getattr(result, p)
             ^^^^^^^^^^^^^^^^^^
E   AttributeError: module 'backend' has no attribute 'agents'
______ ERROR at setup of TestScenarioTemplates.test_all_scenarios_exist _______
C:\Users\HP\AppData\Roaming\Python\Python313\site-packages\pytest_asyncio\plugin.py:730: in pytest_fixture_setup
    return (yield)
            ^^^^^
tests\conftest.py:97: in mock_cerebras
    with patch("backend.agents.base.invoke_with_structure", side_effect=mock_invoke):
         ^^^^^^^^^^^^^^^^^^^^^^^^^^^^^^^^^^^^^^^^^^^^^^^^^^^^^^^^^^^^^^^^^^^^^^^^^^^
C:\Program Files\Python313\Lib\unittest\mock.py:1479: in __enter__
    self.target = self.getter()
                  ^^^^^^^^^^^^^
C:\Program Files\Python313\Lib\pkgutil.py:528: in resolve_name
    result = getattr(result, p)
             ^^^^^^^^^^^^^^^^^^
E   AttributeError: module 'backend' has no attribute 'agents'
____ ERROR at setup of TestScenarioTemplates.test_all_scenarios_have_steps ____
C:\Users\HP\AppData\Roaming\Python\Python313\site-packages\pytest_asyncio\plugin.py:730: in pytest_fixture_setup
    return (yield)
            ^^^^^
tests\conftest.py:97: in mock_cerebras
    with patch("backend.agents.base.invoke_with_structure", side_effect=mock_invoke):
         ^^^^^^^^^^^^^^^^^^^^^^^^^^^^^^^^^^^^^^^^^^^^^^^^^^^^^^^^^^^^^^^^^^^^^^^^^^^
C:\Program Files\Python313\Lib\unittest\mock.py:1479: in __enter__
    self.target = self.getter()
                  ^^^^^^^^^^^^^
C:\Program Files\Python313\Lib\pkgutil.py:528: in resolve_name
    result = getattr(result, p)
             ^^^^^^^^^^^^^^^^^^
E   AttributeError: module 'backend' has no attribute 'agents'
_ ERROR at setup of TestScenarioTemplates.test_pick_scenario_returns_template _
C:\Users\HP\AppData\Roaming\Python\Python313\site-packages\pytest_asyncio\plugin.py:730: in pytest_fixture_setup
    return (yield)
            ^^^^^
tests\conftest.py:97: in mock_cerebras
    with patch("backend.agents.base.invoke_with_structure", side_effect=mock_invoke):
         ^^^^^^^^^^^^^^^^^^^^^^^^^^^^^^^^^^^^^^^^^^^^^^^^^^^^^^^^^^^^^^^^^^^^^^^^^^^
C:\Program Files\Python313\Lib\unittest\mock.py:1479: in __enter__
    self.target = self.getter()
                  ^^^^^^^^^^^^^
C:\Program Files\Python313\Lib\pkgutil.py:528: in resolve_name
    result = getattr(result, p)
             ^^^^^^^^^^^^^^^^^^
E   AttributeError: module 'backend' has no attribute 'agents'
______ ERROR at setup of TestScenarioTemplates.test_step_data_generation ______
C:\Users\HP\AppData\Roaming\Python\Python313\site-packages\pytest_asyncio\plugin.py:730: in pytest_fixture_setup
    return (yield)
            ^^^^^
tests\conftest.py:97: in mock_cerebras
    with patch("backend.agents.base.invoke_with_structure", side_effect=mock_invoke):
         ^^^^^^^^^^^^^^^^^^^^^^^^^^^^^^^^^^^^^^^^^^^^^^^^^^^^^^^^^^^^^^^^^^^^^^^^^^^
C:\Program Files\Python313\Lib\unittest\mock.py:1479: in __enter__
    self.target = self.getter()
                  ^^^^^^^^^^^^^
C:\Program Files\Python313\Lib\pkgutil.py:528: in resolve_name
    result = getattr(result, p)
             ^^^^^^^^^^^^^^^^^^
E   AttributeError: module 'backend' has no attribute 'agents'
______ ERROR at setup of TestScenarioTemplates.test_zone_pool_not_empty _______
C:\Users\HP\AppData\Roaming\Python\Python313\site-packages\pytest_asyncio\plugin.py:730: in pytest_fixture_setup
    return (yield)
            ^^^^^
tests\conftest.py:97: in mock_cerebras
    with patch("backend.agents.base.invoke_with_structure", side_effect=mock_invoke):
         ^^^^^^^^^^^^^^^^^^^^^^^^^^^^^^^^^^^^^^^^^^^^^^^^^^^^^^^^^^^^^^^^^^^^^^^^^^^
C:\Program Files\Python313\Lib\unittest\mock.py:1479: in __enter__
    self.target = self.getter()
                  ^^^^^^^^^^^^^
C:\Program Files\Python313\Lib\pkgutil.py:528: in resolve_name
    result = getattr(result, p)
             ^^^^^^^^^^^^^^^^^^
E   AttributeError: module 'backend' has no attribute 'agents'
_____ ERROR at setup of TestScenarioTemplates.test_worker_pool_not_empty ______
C:\Users\HP\AppData\Roaming\Python\Python313\site-packages\pytest_asyncio\plugin.py:730: in pytest_fixture_setup
    return (yield)
            ^^^^^
tests\conftest.py:97: in mock_cerebras
    with patch("backend.agents.base.invoke_with_structure", side_effect=mock_invoke):
         ^^^^^^^^^^^^^^^^^^^^^^^^^^^^^^^^^^^^^^^^^^^^^^^^^^^^^^^^^^^^^^^^^^^^^^^^^^^
C:\Program Files\Python313\Lib\unittest\mock.py:1479: in __enter__
    self.target = self.getter()
                  ^^^^^^^^^^^^^
C:\Program Files\Python313\Lib\pkgutil.py:528: in resolve_name
    result = getattr(result, p)
             ^^^^^^^^^^^^^^^^^^
E   AttributeError: module 'backend' has no attribute 'agents'
_______ ERROR at setup of TestMockDataSimulator.test_simulator_creation _______
C:\Users\HP\AppData\Roaming\Python\Python313\site-packages\pytest_asyncio\plugin.py:730: in pytest_fixture_setup
    return (yield)
            ^^^^^
tests\conftest.py:97: in mock_cerebras
    with patch("backend.agents.base.invoke_with_structure", side_effect=mock_invoke):
         ^^^^^^^^^^^^^^^^^^^^^^^^^^^^^^^^^^^^^^^^^^^^^^^^^^^^^^^^^^^^^^^^^^^^^^^^^^^
C:\Program Files\Python313\Lib\unittest\mock.py:1479: in __enter__
    self.target = self.getter()
                  ^^^^^^^^^^^^^
C:\Program Files\Python313\Lib\pkgutil.py:528: in resolve_name
    result = getattr(result, p)
             ^^^^^^^^^^^^^^^^^^
E   AttributeError: module 'backend' has no attribute 'agents'
__________ ERROR at setup of TestMockDataSimulator.test_emit_single ___________
C:\Users\HP\AppData\Roaming\Python\Python313\site-packages\pytest_asyncio\plugin.py:458: in setup
    return super().setup()
           ^^^^^^^^^^^^^^^
C:\Users\HP\AppData\Roaming\Python\Python313\site-packages\pytest_asyncio\plugin.py:730: in pytest_fixture_setup
    return (yield)
            ^^^^^
tests\conftest.py:97: in mock_cerebras
    with patch("backend.agents.base.invoke_with_structure", side_effect=mock_invoke):
         ^^^^^^^^^^^^^^^^^^^^^^^^^^^^^^^^^^^^^^^^^^^^^^^^^^^^^^^^^^^^^^^^^^^^^^^^^^^
C:\Program Files\Python313\Lib\unittest\mock.py:1479: in __enter__
    self.target = self.getter()
                  ^^^^^^^^^^^^^
C:\Program Files\Python313\Lib\pkgutil.py:528: in resolve_name
    result = getattr(result, p)
             ^^^^^^^^^^^^^^^^^^
E   AttributeError: module 'backend' has no attribute 'agents'
___________ ERROR at setup of TestMockDataSimulator.test_start_stop ___________
C:\Users\HP\AppData\Roaming\Python\Python313\site-packages\pytest_asyncio\plugin.py:458: in setup
    return super().setup()
           ^^^^^^^^^^^^^^^
C:\Users\HP\AppData\Roaming\Python\Python313\site-packages\pytest_asyncio\plugin.py:730: in pytest_fixture_setup
    return (yield)
            ^^^^^
tests\conftest.py:97: in mock_cerebras
    with patch("backend.agents.base.invoke_with_structure", side_effect=mock_invoke):
         ^^^^^^^^^^^^^^^^^^^^^^^^^^^^^^^^^^^^^^^^^^^^^^^^^^^^^^^^^^^^^^^^^^^^^^^^^^^
C:\Program Files\Python313\Lib\unittest\mock.py:1479: in __enter__
    self.target = self.getter()
                  ^^^^^^^^^^^^^
C:\Program Files\Python313\Lib\pkgutil.py:528: in resolve_name
    result = getattr(result, p)
             ^^^^^^^^^^^^^^^^^^
E   AttributeError: module 'backend' has no attribute 'agents'
_ ERROR at setup of TestWebSocketEndpoints.test_broadcaster_integration_with_ws _
C:\Users\HP\AppData\Roaming\Python\Python313\site-packages\pytest_asyncio\plugin.py:458: in setup
    return super().setup()
           ^^^^^^^^^^^^^^^
C:\Users\HP\AppData\Roaming\Python\Python313\site-packages\pytest_asyncio\plugin.py:730: in pytest_fixture_setup
    return (yield)
            ^^^^^
tests\conftest.py:97: in mock_cerebras
    with patch("backend.agents.base.invoke_with_structure", side_effect=mock_invoke):
         ^^^^^^^^^^^^^^^^^^^^^^^^^^^^^^^^^^^^^^^^^^^^^^^^^^^^^^^^^^^^^^^^^^^^^^^^^^^
C:\Program Files\Python313\Lib\unittest\mock.py:1479: in __enter__
    self.target = self.getter()
                  ^^^^^^^^^^^^^
C:\Program Files\Python313\Lib\pkgutil.py:528: in resolve_name
    result = getattr(result, p)
             ^^^^^^^^^^^^^^^^^^
E   AttributeError: module 'backend' has no attribute 'agents'
______ ERROR at setup of TestWebSocketEndpoints.test_replay_on_subscribe ______
C:\Users\HP\AppData\Roaming\Python\Python313\site-packages\pytest_asyncio\plugin.py:458: in setup
    return super().setup()
           ^^^^^^^^^^^^^^^
C:\Users\HP\AppData\Roaming\Python\Python313\site-packages\pytest_asyncio\plugin.py:730: in pytest_fixture_setup
    return (yield)
            ^^^^^
tests\conftest.py:97: in mock_cerebras
    with patch("backend.agents.base.invoke_with_structure", side_effect=mock_invoke):
         ^^^^^^^^^^^^^^^^^^^^^^^^^^^^^^^^^^^^^^^^^^^^^^^^^^^^^^^^^^^^^^^^^^^^^^^^^^^
C:\Program Files\Python313\Lib\unittest\mock.py:1479: in __enter__
    self.target = self.getter()
                  ^^^^^^^^^^^^^
C:\Program Files\Python313\Lib\pkgutil.py:528: in resolve_name
    result = getattr(result, p)
             ^^^^^^^^^^^^^^^^^^
E   AttributeError: module 'backend' has no attribute 'agents'
_ ERROR at setup of TestWebSocketEndpoints.test_multiple_clients_same_channel _
C:\Users\HP\AppData\Roaming\Python\Python313\site-packages\pytest_asyncio\plugin.py:458: in setup
    return super().setup()
           ^^^^^^^^^^^^^^^
C:\Users\HP\AppData\Roaming\Python\Python313\site-packages\pytest_asyncio\plugin.py:730: in pytest_fixture_setup
    return (yield)
            ^^^^^
tests\conftest.py:97: in mock_cerebras
    with patch("backend.agents.base.invoke_with_structure", side_effect=mock_invoke):
         ^^^^^^^^^^^^^^^^^^^^^^^^^^^^^^^^^^^^^^^^^^^^^^^^^^^^^^^^^^^^^^^^^^^^^^^^^^^
C:\Program Files\Python313\Lib\unittest\mock.py:1479: in __enter__
    self.target = self.getter()
                  ^^^^^^^^^^^^^
C:\Program Files\Python313\Lib\pkgutil.py:528: in resolve_name
    result = getattr(result, p)
             ^^^^^^^^^^^^^^^^^^
E   AttributeError: module 'backend' has no attribute 'agents'
___ ERROR at setup of TestWebSocketEndpoints.test_client_disconnect_cleanup ___
C:\Users\HP\AppData\Roaming\Python\Python313\site-packages\pytest_asyncio\plugin.py:458: in setup
    return super().setup()
           ^^^^^^^^^^^^^^^
C:\Users\HP\AppData\Roaming\Python\Python313\site-packages\pytest_asyncio\plugin.py:730: in pytest_fixture_setup
    return (yield)
            ^^^^^
tests\conftest.py:97: in mock_cerebras
    with patch("backend.agents.base.invoke_with_structure", side_effect=mock_invoke):
         ^^^^^^^^^^^^^^^^^^^^^^^^^^^^^^^^^^^^^^^^^^^^^^^^^^^^^^^^^^^^^^^^^^^^^^^^^^^
C:\Program Files\Python313\Lib\unittest\mock.py:1479: in __enter__
    self.target = self.getter()
                  ^^^^^^^^^^^^^
C:\Program Files\Python313\Lib\pkgutil.py:528: in resolve_name
    result = getattr(result, p)
             ^^^^^^^^^^^^^^^^^^
E   AttributeError: module 'backend' has no attribute 'agents'
_____ ERROR at setup of TestWebSocketEndpoints.test_concurrent_broadcasts _____
C:\Users\HP\AppData\Roaming\Python\Python313\site-packages\pytest_asyncio\plugin.py:458: in setup
    return super().setup()
           ^^^^^^^^^^^^^^^
C:\Users\HP\AppData\Roaming\Python\Python313\site-packages\pytest_asyncio\plugin.py:730: in pytest_fixture_setup
    return (yield)
            ^^^^^
tests\conftest.py:97: in mock_cerebras
    with patch("backend.agents.base.invoke_with_structure", side_effect=mock_invoke):
         ^^^^^^^^^^^^^^^^^^^^^^^^^^^^^^^^^^^^^^^^^^^^^^^^^^^^^^^^^^^^^^^^^^^^^^^^^^^
C:\Program Files\Python313\Lib\unittest\mock.py:1479: in __enter__
    self.target = self.getter()
                  ^^^^^^^^^^^^^
C:\Program Files\Python313\Lib\pkgutil.py:528: in resolve_name
    result = getattr(result, p)
             ^^^^^^^^^^^^^^^^^^
E   AttributeError: module 'backend' has no attribute 'agents'
_________ ERROR at setup of TestSSELogic.test_event_json_serializable _________
C:\Users\HP\AppData\Roaming\Python\Python313\site-packages\pytest_asyncio\plugin.py:730: in pytest_fixture_setup
    return (yield)
            ^^^^^
tests\conftest.py:97: in mock_cerebras
    with patch("backend.agents.base.invoke_with_structure", side_effect=mock_invoke):
         ^^^^^^^^^^^^^^^^^^^^^^^^^^^^^^^^^^^^^^^^^^^^^^^^^^^^^^^^^^^^^^^^^^^^^^^^^^^
C:\Program Files\Python313\Lib\unittest\mock.py:1479: in __enter__
    self.target = self.getter()
                  ^^^^^^^^^^^^^
C:\Program Files\Python313\Lib\pkgutil.py:528: in resolve_name
    result = getattr(result, p)
             ^^^^^^^^^^^^^^^^^^
E   AttributeError: module 'backend' has no attribute 'agents'
______ ERROR at setup of TestSSELogic.test_all_event_types_serializable _______
C:\Users\HP\AppData\Roaming\Python\Python313\site-packages\pytest_asyncio\plugin.py:730: in pytest_fixture_setup
    return (yield)
            ^^^^^
tests\conftest.py:97: in mock_cerebras
    with patch("backend.agents.base.invoke_with_structure", side_effect=mock_invoke):
         ^^^^^^^^^^^^^^^^^^^^^^^^^^^^^^^^^^^^^^^^^^^^^^^^^^^^^^^^^^^^^^^^^^^^^^^^^^^
C:\Program Files\Python313\Lib\unittest\mock.py:1479: in __enter__
    self.target = self.getter()
                  ^^^^^^^^^^^^^
C:\Program Files\Python313\Lib\pkgutil.py:528: in resolve_name
    result = getattr(result, p)
             ^^^^^^^^^^^^^^^^^^
E   AttributeError: module 'backend' has no attribute 'agents'
____ ERROR at setup of TestChannelRouting.test_worker_receives_own_events _____
C:\Users\HP\AppData\Roaming\Python\Python313\site-packages\pytest_asyncio\plugin.py:458: in setup
    return super().setup()
           ^^^^^^^^^^^^^^^
C:\Users\HP\AppData\Roaming\Python\Python313\site-packages\pytest_asyncio\plugin.py:730: in pytest_fixture_setup
    return (yield)
            ^^^^^
tests\conftest.py:97: in mock_cerebras
    with patch("backend.agents.base.invoke_with_structure", side_effect=mock_invoke):
         ^^^^^^^^^^^^^^^^^^^^^^^^^^^^^^^^^^^^^^^^^^^^^^^^^^^^^^^^^^^^^^^^^^^^^^^^^^^
C:\Program Files\Python313\Lib\unittest\mock.py:1479: in __enter__
    self.target = self.getter()
                  ^^^^^^^^^^^^^
C:\Program Files\Python313\Lib\pkgutil.py:528: in resolve_name
    result = getattr(result, p)
             ^^^^^^^^^^^^^^^^^^
E   AttributeError: module 'backend' has no attribute 'agents'
__ ERROR at setup of TestChannelRouting.test_worker_does_not_receive_others ___
C:\Users\HP\AppData\Roaming\Python\Python313\site-packages\pytest_asyncio\plugin.py:458: in setup
    return super().setup()
           ^^^^^^^^^^^^^^^
C:\Users\HP\AppData\Roaming\Python\Python313\site-packages\pytest_asyncio\plugin.py:730: in pytest_fixture_setup
    return (yield)
            ^^^^^
tests\conftest.py:97: in mock_cerebras
    with patch("backend.agents.base.invoke_with_structure", side_effect=mock_invoke):
         ^^^^^^^^^^^^^^^^^^^^^^^^^^^^^^^^^^^^^^^^^^^^^^^^^^^^^^^^^^^^^^^^^^^^^^^^^^^
C:\Program Files\Python313\Lib\unittest\mock.py:1479: in __enter__
    self.target = self.getter()
                  ^^^^^^^^^^^^^
C:\Program Files\Python313\Lib\pkgutil.py:528: in resolve_name
    result = getattr(result, p)
             ^^^^^^^^^^^^^^^^^^
E   AttributeError: module 'backend' has no attribute 'agents'
_________ ERROR at setup of TestChannelRouting.test_zone_subscription _________
C:\Users\HP\AppData\Roaming\Python\Python313\site-packages\pytest_asyncio\plugin.py:458: in setup
    return super().setup()
           ^^^^^^^^^^^^^^^
C:\Users\HP\AppData\Roaming\Python\Python313\site-packages\pytest_asyncio\plugin.py:730: in pytest_fixture_setup
    return (yield)
            ^^^^^
tests\conftest.py:97: in mock_cerebras
    with patch("backend.agents.base.invoke_with_structure", side_effect=mock_invoke):
         ^^^^^^^^^^^^^^^^^^^^^^^^^^^^^^^^^^^^^^^^^^^^^^^^^^^^^^^^^^^^^^^^^^^^^^^^^^^
C:\Program Files\Python313\Lib\unittest\mock.py:1479: in __enter__
    self.target = self.getter()
                  ^^^^^^^^^^^^^
C:\Program Files\Python313\Lib\pkgutil.py:528: in resolve_name
    result = getattr(result, p)
             ^^^^^^^^^^^^^^^^^^
E   AttributeError: module 'backend' has no attribute 'agents'
_____ ERROR at setup of TestChannelRouting.test_admin_receives_everything _____
C:\Users\HP\AppData\Roaming\Python\Python313\site-packages\pytest_asyncio\plugin.py:458: in setup
    return super().setup()
           ^^^^^^^^^^^^^^^
C:\Users\HP\AppData\Roaming\Python\Python313\site-packages\pytest_asyncio\plugin.py:730: in pytest_fixture_setup
    return (yield)
            ^^^^^
tests\conftest.py:97: in mock_cerebras
    with patch("backend.agents.base.invoke_with_structure", side_effect=mock_invoke):
         ^^^^^^^^^^^^^^^^^^^^^^^^^^^^^^^^^^^^^^^^^^^^^^^^^^^^^^^^^^^^^^^^^^^^^^^^^^^
C:\Program Files\Python313\Lib\unittest\mock.py:1479: in __enter__
    self.target = self.getter()
                  ^^^^^^^^^^^^^
C:\Program Files\Python313\Lib\pkgutil.py:528: in resolve_name
    result = getattr(result, p)
             ^^^^^^^^^^^^^^^^^^
E   AttributeError: module 'backend' has no attribute 'agents'
=========================== short test summary info ===========================
ERROR tests/test_simulator.py::TestSimulatorEvent::test_create_event - AttributeError: module 'backend' has no attribute 'agents'
ERROR tests/test_simulator.py::TestSimulatorEvent::test_to_dict - AttributeError: module 'backend' has no attribute 'agents'
ERROR tests/test_simulator.py::TestSimulatorEvent::test_event_ids_unique - AttributeError: module 'backend' has no attribute 'agents'
ERROR tests/test_simulator.py::TestEventBroadcaster::test_subscribe_and_broadcast - AttributeError: module 'backend' has no attribute 'agents'
ERROR tests/test_simulator.py::TestEventBroadcaster::test_channel_routing_worker - AttributeError: module 'backend' has no attribute 'agents'
ERROR tests/test_simulator.py::TestEventBroadcaster::test_channel_routing_zone - AttributeError: module 'backend' has no attribute 'agents'
ERROR tests/test_simulator.py::TestEventBroadcaster::test_admin_gets_all - AttributeError: module 'backend' has no attribute 'agents'
ERROR tests/test_simulator.py::TestEventBroadcaster::test_replay_buffer - AttributeError: module 'backend' has no attribute 'agents'
ERROR tests/test_simulator.py::TestEventBroadcaster::test_replay_buffer_bounded - AttributeError: module 'backend' has no attribute 'agents'
ERROR tests/test_simulator.py::TestEventBroadcaster::test_unsubscribe - AttributeError: module 'backend' has no attribute 'agents'
ERROR tests/test_simulator.py::TestEventBroadcaster::test_event_count - AttributeError: module 'backend' has no attribute 'agents'
ERROR tests/test_simulator.py::TestEventBroadcaster::test_multiple_subscribers_same_channel - AttributeError: module 'backend' has no attribute 'agents'
ERROR tests/test_simulator.py::TestScenarioTemplates::test_all_scenarios_exist - AttributeError: module 'backend' has no attribute 'agents'
ERROR tests/test_simulator.py::TestScenarioTemplates::test_all_scenarios_have_steps - AttributeError: module 'backend' has no attribute 'agents'
ERROR tests/test_simulator.py::TestScenarioTemplates::test_pick_scenario_returns_template - AttributeError: module 'backend' has no attribute 'agents'
ERROR tests/test_simulator.py::TestScenarioTemplates::test_step_data_generation - AttributeError: module 'backend' has no attribute 'agents'
ERROR tests/test_simulator.py::TestScenarioTemplates::test_zone_pool_not_empty - AttributeError: module 'backend' has no attribute 'agents'
ERROR tests/test_simulator.py::TestScenarioTemplates::test_worker_pool_not_empty - AttributeError: module 'backend' has no attribute 'agents'
ERROR tests/test_simulator.py::TestMockDataSimulator::test_simulator_creation - AttributeError: module 'backend' has no attribute 'agents'
ERROR tests/test_simulator.py::TestMockDataSimulator::test_emit_single - AttributeError: module 'backend' has no attribute 'agents'
ERROR tests/test_simulator.py::TestMockDataSimulator::test_start_stop - AttributeError: module 'backend' has no attribute 'agents'
ERROR tests/test_websocket.py::TestWebSocketEndpoints::test_broadcaster_integration_with_ws - AttributeError: module 'backend' has no attribute 'agents'
ERROR tests/test_websocket.py::TestWebSocketEndpoints::test_replay_on_subscribe - AttributeError: module 'backend' has no attribute 'agents'
ERROR tests/test_websocket.py::TestWebSocketEndpoints::test_multiple_clients_same_channel - AttributeError: module 'backend' has no attribute 'agents'
ERROR tests/test_websocket.py::TestWebSocketEndpoints::test_client_disconnect_cleanup - AttributeError: module 'backend' has no attribute 'agents'
ERROR tests/test_websocket.py::TestWebSocketEndpoints::test_concurrent_broadcasts - AttributeError: module 'backend' has no attribute 'agents'
ERROR tests/test_websocket.py::TestSSELogic::test_event_json_serializable - AttributeError: module 'backend' has no attribute 'agents'
ERROR tests/test_websocket.py::TestSSELogic::test_all_event_types_serializable - AttributeError: module 'backend' has no attribute 'agents'
ERROR tests/test_websocket.py::TestChannelRouting::test_worker_receives_own_events - AttributeError: module 'backend' has no attribute 'agents'
ERROR tests/test_websocket.py::TestChannelRouting::test_worker_does_not_receive_others - AttributeError: module 'backend' has no attribute 'agents'
ERROR tests/test_websocket.py::TestChannelRouting::test_zone_subscription - AttributeError: module 'backend' has no attribute 'agents'
ERROR tests/test_websocket.py::TestChannelRouting::test_admin_receives_everything - AttributeError: module 'backend' has no attribute 'agents'
============================= 32 errors in 2.13s ==============================
